// Jest Snapshot v1, https://goo.gl/fbAQLP

exports[`App works 1`] = `
<div
  className="App"
>
  <h2>
    hello 
    myname2
  </h2>
  <h3>
    hello 
    wolrd
  </h3>
  <h4>
    hello 
    yes
  </h4>
  <h5>
    hello 
    100
  </h5>
  <h6>
    hello 
    yupp
  </h6>
</div>
`;
